<?xml version="1.0" encoding="ISO-8859-1" ?>
<link_info>
   <banner>TI ARM Linker PC v20.2.7.LTS</banner>
   <copyright>Copyright (c) 1996-2018 Texas Instruments Incorporated</copyright>
   <link_time>0x66f6a8a4</link_time>
   <link_errors>0x0</link_errors>
   <output_file>Seat_Heater_Control_System.out</output_file>
   <entry_point>
      <name>_c_int00_noargs</name>
      <address>0x6d39</address>
   </entry_point>
   <input_file_list>
      <input_file id="fl-2">
         <path>.\</path>
         <kind>object</kind>
         <file>Det.obj</file>
         <name>Det.obj</name>
      </input_file>
      <input_file id="fl-3">
         <path>.\</path>
         <kind>object</kind>
         <file>Mcu.obj</file>
         <name>Mcu.obj</name>
      </input_file>
      <input_file id="fl-4">
         <path>.\</path>
         <kind>object</kind>
         <file>main.obj</file>
         <name>main.obj</name>
      </input_file>
      <input_file id="fl-5">
         <path>.\</path>
         <kind>object</kind>
         <file>tm4c123gh6pm_startup_ccs.obj</file>
         <name>tm4c123gh6pm_startup_ccs.obj</name>
      </input_file>
      <input_file id="fl-6">
         <path>.\FreeRTOS\Source\</path>
         <kind>object</kind>
         <file>event_groups.obj</file>
         <name>event_groups.obj</name>
      </input_file>
      <input_file id="fl-7">
         <path>.\FreeRTOS\Source\</path>
         <kind>object</kind>
         <file>list.obj</file>
         <name>list.obj</name>
      </input_file>
      <input_file id="fl-8">
         <path>.\FreeRTOS\Source\</path>
         <kind>object</kind>
         <file>queue.obj</file>
         <name>queue.obj</name>
      </input_file>
      <input_file id="fl-9">
         <path>.\FreeRTOS\Source\</path>
         <kind>object</kind>
         <file>tasks.obj</file>
         <name>tasks.obj</name>
      </input_file>
      <input_file id="fl-a">
         <path>.\FreeRTOS\Source\</path>
         <kind>object</kind>
         <file>timers.obj</file>
         <name>timers.obj</name>
      </input_file>
      <input_file id="fl-b">
         <path>.\FreeRTOS\Source\portable\CCS\ARM_CM4F\</path>
         <kind>object</kind>
         <file>port.obj</file>
         <name>port.obj</name>
      </input_file>
      <input_file id="fl-c">
         <path>.\FreeRTOS\Source\portable\CCS\ARM_CM4F\</path>
         <kind>object</kind>
         <file>portasm.obj</file>
         <name>portasm.obj</name>
      </input_file>
      <input_file id="fl-d">
         <path>.\FreeRTOS\Source\portable\MemMang\</path>
         <kind>object</kind>
         <file>heap_1.obj</file>
         <name>heap_1.obj</name>
      </input_file>
      <input_file id="fl-e">
         <path>.\HAL\Button\</path>
         <kind>object</kind>
         <file>Button.obj</file>
         <name>Button.obj</name>
      </input_file>
      <input_file id="fl-f">
         <path>.\HAL\Led\</path>
         <kind>object</kind>
         <file>Led.obj</file>
         <name>Led.obj</name>
      </input_file>
      <input_file id="fl-10">
         <path>.\HAL\Temperatrue Sensor\</path>
         <kind>object</kind>
         <file>lm35.obj</file>
         <name>lm35.obj</name>
      </input_file>
      <input_file id="fl-11">
         <path>.\MCAL\ADC\</path>
         <kind>object</kind>
         <file>adc.obj</file>
         <name>adc.obj</name>
      </input_file>
      <input_file id="fl-12">
         <path>.\MCAL\Dio\</path>
         <kind>object</kind>
         <file>Dio.obj</file>
         <name>Dio.obj</name>
      </input_file>
      <input_file id="fl-13">
         <path>.\MCAL\Dio\</path>
         <kind>object</kind>
         <file>Dio_PBcfg.obj</file>
         <name>Dio_PBcfg.obj</name>
      </input_file>
      <input_file id="fl-14">
         <path>.\MCAL\GPTM\</path>
         <kind>object</kind>
         <file>GPTM.obj</file>
         <name>GPTM.obj</name>
      </input_file>
      <input_file id="fl-15">
         <path>.\MCAL\NVIC\</path>
         <kind>object</kind>
         <file>NVIC.obj</file>
         <name>NVIC.obj</name>
      </input_file>
      <input_file id="fl-16">
         <path>.\MCAL\Port\</path>
         <kind>object</kind>
         <file>Port.obj</file>
         <name>Port.obj</name>
      </input_file>
      <input_file id="fl-17">
         <path>.\MCAL\Port\</path>
         <kind>object</kind>
         <file>Port_PBcfg.obj</file>
         <name>Port_PBcfg.obj</name>
      </input_file>
      <input_file id="fl-18">
         <path>.\MCAL\UART\</path>
         <kind>object</kind>
         <file>uart0.obj</file>
         <name>uart0.obj</name>
      </input_file>
      <input_file id="fl-1c">
         <kind>object</kind>
         <file>&lt;internal&gt;</file>
         <name>&lt;internal&gt;</name>
      </input_file>
      <input_file id="fl-d2">
         <path>C:\ti\ccs1271\ccs\tools\compiler\ti-cgt-arm_20.2.7.LTS\lib\</path>
         <kind>archive</kind>
         <file>rtsv7M4_T_le_v4SPD16_eabi.lib</file>
         <name>fd_div_t2.asm.obj</name>
      </input_file>
      <input_file id="fl-d3">
         <path>C:\ti\ccs1271\ccs\tools\compiler\ti-cgt-arm_20.2.7.LTS\lib\</path>
         <kind>archive</kind>
         <file>rtsv7M4_T_le_v4SPD16_eabi.lib</file>
         <name>fd_mul_t2.asm.obj</name>
      </input_file>
      <input_file id="fl-d4">
         <path>C:\ti\ccs1271\ccs\tools\compiler\ti-cgt-arm_20.2.7.LTS\lib\</path>
         <kind>archive</kind>
         <file>rtsv7M4_T_le_v4SPD16_eabi.lib</file>
         <name>fd_toi_t2.asm.obj</name>
      </input_file>
      <input_file id="fl-d5">
         <path>C:\ti\ccs1271\ccs\tools\compiler\ti-cgt-arm_20.2.7.LTS\lib\</path>
         <kind>archive</kind>
         <file>rtsv7M4_T_le_v4SPD16_eabi.lib</file>
         <name>ll_mul_t2.asm.obj</name>
      </input_file>
      <input_file id="fl-d6">
         <path>C:\ti\ccs1271\ccs\tools\compiler\ti-cgt-arm_20.2.7.LTS\lib\</path>
         <kind>archive</kind>
         <file>rtsv7M4_T_le_v4SPD16_eabi.lib</file>
         <name>memcpy_t2.asm.obj</name>
      </input_file>
      <input_file id="fl-d7">
         <path>C:\ti\ccs1271\ccs\tools\compiler\ti-cgt-arm_20.2.7.LTS\lib\</path>
         <kind>archive</kind>
         <file>rtsv7M4_T_le_v4SPD16_eabi.lib</file>
         <name>u_tofd_t2.asm.obj</name>
      </input_file>
      <input_file id="fl-d8">
         <path>C:\ti\ccs1271\ccs\tools\compiler\ti-cgt-arm_20.2.7.LTS\lib\</path>
         <kind>archive</kind>
         <file>rtsv7M4_T_le_v4SPD16_eabi.lib</file>
         <name>memset_t2.asm.obj</name>
      </input_file>
      <input_file id="fl-d9">
         <path>C:\ti\ccs1271\ccs\tools\compiler\ti-cgt-arm_20.2.7.LTS\lib\</path>
         <kind>archive</kind>
         <file>rtsv7M4_T_le_v4SPD16_eabi.lib</file>
         <name>ll_div_t2.asm.obj</name>
      </input_file>
      <input_file id="fl-da">
         <path>C:\ti\ccs1271\ccs\tools\compiler\ti-cgt-arm_20.2.7.LTS\lib\</path>
         <kind>archive</kind>
         <file>rtsv7M4_T_le_v4SPD16_eabi.lib</file>
         <name>ull_div_t2.asm.obj</name>
      </input_file>
      <input_file id="fl-db">
         <path>C:\ti\ccs1271\ccs\tools\compiler\ti-cgt-arm_20.2.7.LTS\lib\</path>
         <kind>archive</kind>
         <file>rtsv7M4_T_le_v4SPD16_eabi.lib</file>
         <name>copy_zero_init.c.obj</name>
      </input_file>
      <input_file id="fl-dc">
         <path>C:\ti\ccs1271\ccs\tools\compiler\ti-cgt-arm_20.2.7.LTS\lib\</path>
         <kind>archive</kind>
         <file>rtsv7M4_T_le_v4SPD16_eabi.lib</file>
         <name>copy_decompress_none.c.obj</name>
      </input_file>
      <input_file id="fl-dd">
         <path>C:\ti\ccs1271\ccs\tools\compiler\ti-cgt-arm_20.2.7.LTS\lib\</path>
         <kind>archive</kind>
         <file>rtsv7M4_T_le_v4SPD16_eabi.lib</file>
         <name>copy_decompress_lzss.c.obj</name>
      </input_file>
      <input_file id="fl-de">
         <path>C:\ti\ccs1271\ccs\tools\compiler\ti-cgt-arm_20.2.7.LTS\lib\</path>
         <kind>archive</kind>
         <file>rtsv7M4_T_le_v4SPD16_eabi.lib</file>
         <name>boot_cortex_m.c.obj</name>
      </input_file>
      <input_file id="fl-df">
         <path>C:\ti\ccs1271\ccs\tools\compiler\ti-cgt-arm_20.2.7.LTS\lib\</path>
         <kind>archive</kind>
         <file>rtsv7M4_T_le_v4SPD16_eabi.lib</file>
         <name>div0.asm.obj</name>
      </input_file>
      <input_file id="fl-e0">
         <path>C:\ti\ccs1271\ccs\tools\compiler\ti-cgt-arm_20.2.7.LTS\lib\</path>
         <kind>archive</kind>
         <file>rtsv7M4_T_le_v4SPD16_eabi.lib</file>
         <name>autoinit.c.obj</name>
      </input_file>
      <input_file id="fl-e1">
         <path>C:\ti\ccs1271\ccs\tools\compiler\ti-cgt-arm_20.2.7.LTS\lib\</path>
         <kind>archive</kind>
         <file>rtsv7M4_T_le_v4SPD16_eabi.lib</file>
         <name>pre_init.c.obj</name>
      </input_file>
      <input_file id="fl-e2">
         <path>C:\ti\ccs1271\ccs\tools\compiler\ti-cgt-arm_20.2.7.LTS\lib\</path>
         <kind>archive</kind>
         <file>rtsv7M4_T_le_v4SPD16_eabi.lib</file>
         <name>cpy_tbl.c.obj</name>
      </input_file>
      <input_file id="fl-e3">
         <path>C:\ti\ccs1271\ccs\tools\compiler\ti-cgt-arm_20.2.7.LTS\lib\</path>
         <kind>archive</kind>
         <file>rtsv7M4_T_le_v4SPD16_eabi.lib</file>
         <name>exit.c.obj</name>
      </input_file>
      <input_file id="fl-e4">
         <path>C:\ti\ccs1271\ccs\tools\compiler\ti-cgt-arm_20.2.7.LTS\lib\</path>
         <kind>archive</kind>
         <file>rtsv7M4_T_le_v4SPD16_eabi.lib</file>
         <name>_lock.c.obj</name>
      </input_file>
      <input_file id="fl-e5">
         <path>C:\ti\ccs1271\ccs\tools\compiler\ti-cgt-arm_20.2.7.LTS\lib\</path>
         <kind>archive</kind>
         <file>rtsv7M4_T_le_v4SPD16_eabi.lib</file>
         <name>args_main.c.obj</name>
      </input_file>
   </input_file_list>
   <object_component_list>
      <object_component id="oc-12">
         <name>.intvecs</name>
         <load_address>0x0</load_address>
         <run_address>0x0</run_address>
         <size>0x26c</size>
         <input_file_ref idref="fl-5"/>
      </object_component>
      <object_component id="oc-85">
         <name>.text</name>
         <load_address>0x26c</load_address>
         <run_address>0x26c</run_address>
         <size>0x1cf0</size>
         <input_file_ref idref="fl-9"/>
      </object_component>
      <object_component id="oc-a5">
         <name>.text</name>
         <load_address>0x1f5c</load_address>
         <run_address>0x1f5c</run_address>
         <size>0x100e</size>
         <input_file_ref idref="fl-8"/>
      </object_component>
      <object_component id="oc-2c6">
         <name>.text</name>
         <load_address>0x2f6a</load_address>
         <run_address>0x2f6a</run_address>
         <size>0x2</size>
         <input_file_ref idref="fl-df"/>
      </object_component>
      <object_component id="oc-38">
         <name>.text</name>
         <load_address>0x2f6c</load_address>
         <run_address>0x2f6c</run_address>
         <size>0xf68</size>
         <input_file_ref idref="fl-4"/>
      </object_component>
      <object_component id="oc-b7">
         <name>.text</name>
         <load_address>0x3ed4</load_address>
         <run_address>0x3ed4</run_address>
         <size>0xb14</size>
         <input_file_ref idref="fl-16"/>
      </object_component>
      <object_component id="oc-10c">
         <name>.text</name>
         <load_address>0x49e8</load_address>
         <run_address>0x49e8</run_address>
         <size>0x7bc</size>
         <input_file_ref idref="fl-a"/>
      </object_component>
      <object_component id="oc-ab">
         <name>.text</name>
         <load_address>0x51a4</load_address>
         <run_address>0x51a4</run_address>
         <size>0x4fe</size>
         <input_file_ref idref="fl-6"/>
      </object_component>
      <object_component id="oc-bd">
         <name>.text</name>
         <load_address>0x56a4</load_address>
         <run_address>0x56a4</run_address>
         <size>0x480</size>
         <input_file_ref idref="fl-12"/>
      </object_component>
      <object_component id="oc-32">
         <name>.text</name>
         <load_address>0x5b24</load_address>
         <run_address>0x5b24</run_address>
         <size>0x2b0</size>
         <input_file_ref idref="fl-b"/>
      </object_component>
      <object_component id="oc-1ce">
         <name>.text</name>
         <load_address>0x5dd4</load_address>
         <run_address>0x5dd4</run_address>
         <size>0x270</size>
         <input_file_ref idref="fl-15"/>
      </object_component>
      <object_component id="oc-c9">
         <name>.text</name>
         <load_address>0x6044</load_address>
         <run_address>0x6044</run_address>
         <size>0x15c</size>
         <input_file_ref idref="fl-11"/>
      </object_component>
      <object_component id="oc-cf">
         <name>.text</name>
         <load_address>0x61a0</load_address>
         <run_address>0x61a0</run_address>
         <size>0x150</size>
         <input_file_ref idref="fl-18"/>
      </object_component>
      <object_component id="oc-203">
         <name>.text</name>
         <load_address>0x62f0</load_address>
         <run_address>0x62f0</run_address>
         <size>0x136</size>
         <input_file_ref idref="fl-d2"/>
      </object_component>
      <object_component id="oc-167">
         <name>.text</name>
         <load_address>0x6426</load_address>
         <run_address>0x6426</run_address>
         <size>0x12a</size>
         <input_file_ref idref="fl-7"/>
      </object_component>
      <object_component id="oc-1fe">
         <name>.text</name>
         <load_address>0x6550</load_address>
         <run_address>0x6550</run_address>
         <size>0xfc</size>
         <input_file_ref idref="fl-d3"/>
      </object_component>
      <object_component id="oc-ed">
         <name>.text</name>
         <load_address>0x664c</load_address>
         <run_address>0x664c</run_address>
         <size>0xe4</size>
         <input_file_ref idref="fl-f"/>
      </object_component>
      <object_component id="oc-2d">
         <name>.text</name>
         <load_address>0x6730</load_address>
         <run_address>0x6730</run_address>
         <size>0xda</size>
         <input_file_ref idref="fl-c"/>
      </object_component>
      <object_component id="oc-161">
         <name>.text</name>
         <load_address>0x680c</load_address>
         <run_address>0x680c</run_address>
         <size>0xd0</size>
         <input_file_ref idref="fl-d"/>
      </object_component>
      <object_component id="oc-c3">
         <name>.text</name>
         <load_address>0x68dc</load_address>
         <run_address>0x68dc</run_address>
         <size>0xac</size>
         <input_file_ref idref="fl-e"/>
      </object_component>
      <object_component id="oc-4c">
         <name>.text</name>
         <load_address>0x6988</load_address>
         <run_address>0x6988</run_address>
         <size>0x9c</size>
         <input_file_ref idref="fl-d6"/>
      </object_component>
      <object_component id="oc-2cb">
         <name>.text</name>
         <load_address>0x6a24</load_address>
         <run_address>0x6a24</run_address>
         <size>0x96</size>
         <input_file_ref idref="fl-da"/>
      </object_component>
      <object_component id="oc-13f">
         <name>.text</name>
         <load_address>0x6aba</load_address>
         <run_address>0x6aba</run_address>
         <size>0x7a</size>
         <input_file_ref idref="fl-d8"/>
      </object_component>
      <object_component id="oc-1d6">
         <name>.text</name>
         <load_address>0x6b34</load_address>
         <run_address>0x6b34</run_address>
         <size>0x6e</size>
         <input_file_ref idref="fl-d9"/>
      </object_component>
      <object_component id="oc-15">
         <name>.text:decompress:lzss:__TI_decompress_lzss</name>
         <load_address>0x6ba2</load_address>
         <run_address>0x6ba2</run_address>
         <size>0x68</size>
         <input_file_ref idref="fl-dd"/>
      </object_component>
      <object_component id="oc-d5">
         <name>.text</name>
         <load_address>0x6c0c</load_address>
         <run_address>0x6c0c</run_address>
         <size>0x54</size>
         <input_file_ref idref="fl-14"/>
      </object_component>
      <object_component id="oc-e7">
         <name>.text</name>
         <load_address>0x6c60</load_address>
         <run_address>0x6c60</run_address>
         <size>0x4c</size>
         <input_file_ref idref="fl-10"/>
      </object_component>
      <object_component id="oc-208">
         <name>.text</name>
         <load_address>0x6cac</load_address>
         <run_address>0x6cac</run_address>
         <size>0x48</size>
         <input_file_ref idref="fl-d4"/>
      </object_component>
      <object_component id="oc-24b">
         <name>.text:__TI_auto_init_nobinit_nopinit:__TI_auto_init_nobinit_nopinit</name>
         <load_address>0x6cf4</load_address>
         <run_address>0x6cf4</run_address>
         <size>0x44</size>
         <input_file_ref idref="fl-e0"/>
      </object_component>
      <object_component id="oc-6a">
         <name>.text:_c_int00_noargs:_c_int00_noargs</name>
         <load_address>0x6d38</load_address>
         <run_address>0x6d38</run_address>
         <size>0x34</size>
         <input_file_ref idref="fl-de"/>
      </object_component>
      <object_component id="oc-b1">
         <name>.text</name>
         <load_address>0x6d6c</load_address>
         <run_address>0x6d6c</run_address>
         <size>0x20</size>
         <input_file_ref idref="fl-3"/>
      </object_component>
      <object_component id="oc-1f9">
         <name>.text</name>
         <load_address>0x6d8c</load_address>
         <run_address>0x6d8c</run_address>
         <size>0x20</size>
         <input_file_ref idref="fl-d7"/>
      </object_component>
      <object_component id="oc-a0">
         <name>.text</name>
         <load_address>0x6dac</load_address>
         <run_address>0x6dac</run_address>
         <size>0x18</size>
         <input_file_ref idref="fl-d5"/>
      </object_component>
      <object_component id="oc-1b4">
         <name>.text</name>
         <load_address>0x6dc4</load_address>
         <run_address>0x6dc4</run_address>
         <size>0x16</size>
         <input_file_ref idref="fl-2"/>
      </object_component>
      <object_component id="oc-1b">
         <name>.text:decompress:none:__TI_decompress_none</name>
         <load_address>0x6dda</load_address>
         <run_address>0x6dda</run_address>
         <size>0xe</size>
         <input_file_ref idref="fl-dc"/>
      </object_component>
      <object_component id="oc-5e">
         <name>.text:decompress:ZI:__TI_zero_init</name>
         <load_address>0x6de8</load_address>
         <run_address>0x6de8</run_address>
         <size>0xc</size>
         <input_file_ref idref="fl-db"/>
      </object_component>
      <object_component id="oc-27">
         <name>.text</name>
         <load_address>0x6df4</load_address>
         <run_address>0x6df4</run_address>
         <size>0xc</size>
         <input_file_ref idref="fl-5"/>
      </object_component>
      <object_component id="oc-145">
         <name>.text:_system_pre_init</name>
         <load_address>0x6e00</load_address>
         <run_address>0x6e00</run_address>
         <size>0x4</size>
         <input_file_ref idref="fl-e1"/>
      </object_component>
      <object_component id="oc-23f">
         <name>.text:abort:abort</name>
         <load_address>0x6e04</load_address>
         <run_address>0x6e04</run_address>
         <size>0x4</size>
         <input_file_ref idref="fl-e3"/>
      </object_component>
      <object_component id="oc-102">
         <name>.const:Port_Configuration</name>
         <load_address>0x6e08</load_address>
         <run_address>0x6e08</run_address>
         <size>0x138</size>
         <input_file_ref idref="fl-17"/>
      </object_component>
      <object_component id="oc-105">
         <name>.const:Dio_Configuration</name>
         <load_address>0x6f40</load_address>
         <run_address>0x6f40</run_address>
         <size>0x12</size>
         <input_file_ref idref="fl-13"/>
      </object_component>
      <object_component id="oc-82">
         <name>.const</name>
         <load_address>0x6f54</load_address>
         <run_address>0x6f54</run_address>
         <size>0x8</size>
         <input_file_ref idref="fl-b"/>
      </object_component>
      <object_component id="oc-171">
         <name>.const</name>
         <load_address>0x6f5c</load_address>
         <run_address>0x6f5c</run_address>
         <size>0x4</size>
         <input_file_ref idref="fl-9"/>
      </object_component>
      <object_component id="oc-36a">
         <name>.cinit..data.load</name>
         <load_address>0x6f60</load_address>
         <run_address>0x6f60</run_address>
         <size>0x14</size>
      </object_component>
      <object_component id="oc-368">
         <name>__TI_handler_table</name>
         <load_address>0x6f74</load_address>
         <run_address>0x6f74</run_address>
         <size>0xc</size>
      </object_component>
      <object_component id="oc-36b">
         <name>.cinit..bss.load</name>
         <load_address>0x6f80</load_address>
         <run_address>0x6f80</run_address>
         <size>0x8</size>
      </object_component>
      <object_component id="oc-369">
         <name>__TI_cinit_table</name>
         <load_address>0x6f88</load_address>
         <run_address>0x6f88</run_address>
         <size>0x10</size>
      </object_component>
      <object_component id="oc-108">
         <name>.data</name>
         <load_address>0x20002430</load_address>
         <run_address>0x20002430</run_address>
         <size>0xb</size>
         <input_file_ref idref="fl-4"/>
      </object_component>
      <object_component id="oc-7f">
         <name>.data</name>
         <load_address>0x200023e8</load_address>
         <run_address>0x200023e8</run_address>
         <size>0x30</size>
         <input_file_ref idref="fl-9"/>
      </object_component>
      <object_component id="oc-217">
         <name>.data</name>
         <load_address>0x20002424</load_address>
         <run_address>0x20002424</run_address>
         <size>0xc</size>
         <input_file_ref idref="fl-a"/>
      </object_component>
      <object_component id="oc-8c">
         <name>.data</name>
         <load_address>0x20002418</load_address>
         <run_address>0x20002418</run_address>
         <size>0xc</size>
         <input_file_ref idref="fl-b"/>
      </object_component>
      <object_component id="oc-28e">
         <name>.data</name>
         <load_address>0x2000243c</load_address>
         <run_address>0x2000243c</run_address>
         <size>0x8</size>
         <input_file_ref idref="fl-d"/>
      </object_component>
      <object_component id="oc-1c4">
         <name>.data</name>
         <load_address>0x2000244c</load_address>
         <run_address>0x2000244c</run_address>
         <size>0x5</size>
         <input_file_ref idref="fl-12"/>
      </object_component>
      <object_component id="oc-1ba">
         <name>.data</name>
         <load_address>0x20002444</load_address>
         <run_address>0x20002444</run_address>
         <size>0x5</size>
         <input_file_ref idref="fl-16"/>
      </object_component>
      <object_component id="oc-16d">
         <name>.bss:pxReadyTasksLists</name>
         <uninitialized>true</uninitialized>
         <run_address>0x20002000</run_address>
         <size>0x64</size>
         <input_file_ref idref="fl-9"/>
      </object_component>
      <object_component id="oc-17b">
         <name>.bss:xDelayedTaskList1</name>
         <uninitialized>true</uninitialized>
         <run_address>0x20002138</run_address>
         <size>0x14</size>
         <input_file_ref idref="fl-9"/>
      </object_component>
      <object_component id="oc-17e">
         <name>.bss:xDelayedTaskList2</name>
         <uninitialized>true</uninitialized>
         <run_address>0x2000214c</run_address>
         <size>0x14</size>
         <input_file_ref idref="fl-9"/>
      </object_component>
      <object_component id="oc-177">
         <name>.bss</name>
         <uninitialized>true</uninitialized>
         <run_address>0x20002174</run_address>
         <size>0x8</size>
         <input_file_ref idref="fl-9"/>
      </object_component>
      <object_component id="oc-174">
         <name>.bss:xPendingReadyList</name>
         <uninitialized>true</uninitialized>
         <run_address>0x20002160</run_address>
         <size>0x14</size>
         <input_file_ref idref="fl-9"/>
      </object_component>
      <object_component id="oc-21d">
         <name>.bss:xActiveTimerList1</name>
         <uninitialized>true</uninitialized>
         <run_address>0x20002110</run_address>
         <size>0x14</size>
         <input_file_ref idref="fl-a"/>
      </object_component>
      <object_component id="oc-220">
         <name>.bss:xActiveTimerList2</name>
         <uninitialized>true</uninitialized>
         <run_address>0x20002124</run_address>
         <size>0x14</size>
         <input_file_ref idref="fl-a"/>
      </object_component>
      <object_component id="oc-21a">
         <name>.bss</name>
         <uninitialized>true</uninitialized>
         <run_address>0x2000217c</run_address>
         <size>0x8</size>
         <input_file_ref idref="fl-a"/>
      </object_component>
      <object_component id="oc-291">
         <name>.bss:ucHeap</name>
         <uninitialized>true</uninitialized>
         <run_address>0x20000000</run_address>
         <size>0x2000</size>
         <input_file_ref idref="fl-d"/>
      </object_component>
      <object_component id="oc-10b">
         <name>.common:xDiagnosticArray</name>
         <uninitialized>true</uninitialized>
         <run_address>0x200020e8</run_address>
         <size>0x28</size>
      </object_component>
      <object_component id="oc-17a">
         <name>.common:ullTasksOutTime</name>
         <uninitialized>true</uninitialized>
         <run_address>0x20002090</run_address>
         <size>0x2c</size>
      </object_component>
      <object_component id="oc-170">
         <name>.common:ullTasksInTime</name>
         <uninitialized>true</uninitialized>
         <run_address>0x20002064</run_address>
         <size>0x2c</size>
      </object_component>
      <object_component id="oc-112">
         <name>.common:ullTasksTotalTime</name>
         <uninitialized>true</uninitialized>
         <run_address>0x200020bc</run_address>
         <size>0x2c</size>
      </object_component>
      <object_component id="oc-f8">
         <name>.common:xDriverSensorsProcessHandle</name>
         <uninitialized>true</uninitialized>
         <run_address>0x200021b0</run_address>
         <size>0x4</size>
      </object_component>
      <object_component id="oc-f9">
         <name>.common:xPassengerSensorsProcessHandle</name>
         <uninitialized>true</uninitialized>
         <run_address>0x200021dc</run_address>
         <size>0x4</size>
      </object_component>
      <object_component id="oc-fa">
         <name>.common:xDriverButtonsProcessHandle</name>
         <uninitialized>true</uninitialized>
         <run_address>0x20002190</run_address>
         <size>0x4</size>
      </object_component>
      <object_component id="oc-fb">
         <name>.common:xPassengerButtonProcessHandle</name>
         <uninitialized>true</uninitialized>
         <run_address>0x200021bc</run_address>
         <size>0x4</size>
      </object_component>
      <object_component id="oc-fe">
         <name>.common:xDriverHeaterProcessHandle</name>
         <uninitialized>true</uninitialized>
         <run_address>0x200021a4</run_address>
         <size>0x4</size>
      </object_component>
      <object_component id="oc-ff">
         <name>.common:xPassengerHeaterProcessHandle</name>
         <uninitialized>true</uninitialized>
         <run_address>0x200021d0</run_address>
         <size>0x4</size>
      </object_component>
      <object_component id="oc-fc">
         <name>.common:xDriverDiagnosticHandle</name>
         <uninitialized>true</uninitialized>
         <run_address>0x20002198</run_address>
         <size>0x4</size>
      </object_component>
      <object_component id="oc-fd">
         <name>.common:xPassengerDiagnosticHandle</name>
         <uninitialized>true</uninitialized>
         <run_address>0x200021c4</run_address>
         <size>0x4</size>
      </object_component>
      <object_component id="oc-100">
         <name>.common:xDisplayScreenHandle</name>
         <uninitialized>true</uninitialized>
         <run_address>0x20002184</run_address>
         <size>0x4</size>
      </object_component>
      <object_component id="oc-101">
         <name>.common:xRunTimeMeasurementsHandle</name>
         <uninitialized>true</uninitialized>
         <run_address>0x200021e4</run_address>
         <size>0x4</size>
      </object_component>
      <object_component id="oc-e5">
         <name>.common:xDriverButtonsEventGroup</name>
         <uninitialized>true</uninitialized>
         <run_address>0x2000218c</run_address>
         <size>0x4</size>
      </object_component>
      <object_component id="oc-e6">
         <name>.common:xPassengerButtonEventGroup</name>
         <uninitialized>true</uninitialized>
         <run_address>0x200021b8</run_address>
         <size>0x4</size>
      </object_component>
      <object_component id="oc-db">
         <name>.common:xDisplayScreenMutex</name>
         <uninitialized>true</uninitialized>
         <run_address>0x20002188</run_address>
         <size>0x4</size>
      </object_component>
      <object_component id="oc-e0">
         <name>.common:xDriverHeatingLevelMutex</name>
         <uninitialized>true</uninitialized>
         <run_address>0x200021ac</run_address>
         <size>0x4</size>
      </object_component>
      <object_component id="oc-e3">
         <name>.common:xPassengerHeatingLevelMutex</name>
         <uninitialized>true</uninitialized>
         <run_address>0x200021d8</run_address>
         <size>0x4</size>
      </object_component>
      <object_component id="oc-de">
         <name>.common:xDriverDesiredTempMutex</name>
         <uninitialized>true</uninitialized>
         <run_address>0x20002194</run_address>
         <size>0x4</size>
      </object_component>
      <object_component id="oc-e1">
         <name>.common:xPassengerDesiredTempMutex</name>
         <uninitialized>true</uninitialized>
         <run_address>0x200021c0</run_address>
         <size>0x4</size>
      </object_component>
      <object_component id="oc-f3">
         <name>.common:xDriverTempValueMutex</name>
         <uninitialized>true</uninitialized>
         <run_address>0x200021b4</run_address>
         <size>0x4</size>
      </object_component>
      <object_component id="oc-e4">
         <name>.common:xPassengerTempValueMutex</name>
         <uninitialized>true</uninitialized>
         <run_address>0x200021e0</run_address>
         <size>0x4</size>
      </object_component>
      <object_component id="oc-df">
         <name>.common:xDriverHeaterStateMutex</name>
         <uninitialized>true</uninitialized>
         <run_address>0x200021a8</run_address>
         <size>0x4</size>
      </object_component>
      <object_component id="oc-e2">
         <name>.common:xPassengerHeaterStateMutex</name>
         <uninitialized>true</uninitialized>
         <run_address>0x200021d4</run_address>
         <size>0x4</size>
      </object_component>
      <object_component id="oc-f4">
         <name>.common:xDriverErrorReportSemaphore</name>
         <uninitialized>true</uninitialized>
         <run_address>0x200021a0</run_address>
         <size>0x4</size>
      </object_component>
      <object_component id="oc-f5">
         <name>.common:xPassengerErrorReportSemaphore</name>
         <uninitialized>true</uninitialized>
         <run_address>0x200021cc</run_address>
         <size>0x4</size>
      </object_component>
      <object_component id="oc-f6">
         <name>.common:xDriverDiagnosticQueue</name>
         <uninitialized>true</uninitialized>
         <run_address>0x2000219c</run_address>
         <size>0x4</size>
      </object_component>
      <object_component id="oc-f7">
         <name>.common:xPassengerDiagnosticQueue</name>
         <uninitialized>true</uninitialized>
         <run_address>0x200021c8</run_address>
         <size>0x4</size>
      </object_component>
      <object_component id="oc-24">
         <name>.stack</name>
         <uninitialized>true</uninitialized>
         <run_address>0x200021e8</run_address>
         <size>0x4</size>
         <input_file_ref idref="fl-de"/>
      </object_component>
      <object_component id="oc-36d">
         <name>.stack</name>
         <uninitialized>true</uninitialized>
         <run_address>0x200021e8</run_address>
         <size>0x0</size>
      </object_component>
      <object_component id="oc-1b7">
         <name>.debug_info</name>
         <load_address>0x0</load_address>
         <run_address>0x0</run_address>
         <size>0x213</size>
         <input_file_ref idref="fl-2"/>
      </object_component>
      <object_component id="oc-2b3">
         <name>.debug_info</name>
         <load_address>0x213</load_address>
         <run_address>0x213</run_address>
         <size>0xa7</size>
         <input_file_ref idref="fl-2"/>
      </object_component>
      <object_component id="oc-47">
         <name>.debug_info</name>
         <load_address>0x2ba</load_address>
         <run_address>0x2ba</run_address>
         <size>0x84</size>
         <input_file_ref idref="fl-2"/>
      </object_component>
      <object_component id="oc-11e">
         <name>.debug_info</name>
         <load_address>0x33e</load_address>
         <run_address>0x33e</run_address>
         <size>0xae</size>
         <input_file_ref idref="fl-2"/>
      </object_component>
      <object_component id="oc-b5">
         <name>.debug_info</name>
         <load_address>0x3ec</load_address>
         <run_address>0x3ec</run_address>
         <size>0x143</size>
         <input_file_ref idref="fl-3"/>
      </object_component>
      <object_component id="oc-dc">
         <name>.debug_info</name>
         <load_address>0x52f</load_address>
         <run_address>0x52f</run_address>
         <size>0x1391</size>
         <input_file_ref idref="fl-4"/>
      </object_component>
      <object_component id="oc-109">
         <name>.debug_info</name>
         <load_address>0x18c0</load_address>
         <run_address>0x18c0</run_address>
         <size>0x39e</size>
         <input_file_ref idref="fl-4"/>
      </object_component>
      <object_component id="oc-39">
         <name>.debug_info</name>
         <load_address>0x1c5e</load_address>
         <run_address>0x1c5e</run_address>
         <size>0x1e7b</size>
         <input_file_ref idref="fl-4"/>
      </object_component>
      <object_component id="oc-1bf">
         <name>.debug_info</name>
         <load_address>0x3ad9</load_address>
         <run_address>0x3ad9</run_address>
         <size>0x6f</size>
         <input_file_ref idref="fl-4"/>
      </object_component>
      <object_component id="oc-1e5">
         <name>.debug_info</name>
         <load_address>0x3b48</load_address>
         <run_address>0x3b48</run_address>
         <size>0x236</size>
         <input_file_ref idref="fl-4"/>
      </object_component>
      <object_component id="oc-18b">
         <name>.debug_info</name>
         <load_address>0x3d7e</load_address>
         <run_address>0x3d7e</run_address>
         <size>0x30c</size>
         <input_file_ref idref="fl-4"/>
      </object_component>
      <object_component id="oc-1e0">
         <name>.debug_info</name>
         <load_address>0x408a</load_address>
         <run_address>0x408a</run_address>
         <size>0x8d</size>
         <input_file_ref idref="fl-4"/>
      </object_component>
      <object_component id="oc-125">
         <name>.debug_info</name>
         <load_address>0x4117</load_address>
         <run_address>0x4117</run_address>
         <size>0x26b</size>
         <input_file_ref idref="fl-4"/>
      </object_component>
      <object_component id="oc-1c9">
         <name>.debug_info</name>
         <load_address>0x4382</load_address>
         <run_address>0x4382</run_address>
         <size>0xa6</size>
         <input_file_ref idref="fl-4"/>
      </object_component>
      <object_component id="oc-195">
         <name>.debug_info</name>
         <load_address>0x4428</load_address>
         <run_address>0x4428</run_address>
         <size>0x3f8</size>
         <input_file_ref idref="fl-4"/>
      </object_component>
      <object_component id="oc-119">
         <name>.debug_info</name>
         <load_address>0x4820</load_address>
         <run_address>0x4820</run_address>
         <size>0x42</size>
         <input_file_ref idref="fl-4"/>
      </object_component>
      <object_component id="oc-1ea">
         <name>.debug_info</name>
         <load_address>0x4862</load_address>
         <run_address>0x4862</run_address>
         <size>0x4f</size>
         <input_file_ref idref="fl-4"/>
      </object_component>
      <object_component id="oc-1f4">
         <name>.debug_info</name>
         <load_address>0x48b1</load_address>
         <run_address>0x48b1</run_address>
         <size>0x2c</size>
         <input_file_ref idref="fl-4"/>
      </object_component>
      <object_component id="oc-91">
         <name>.debug_info</name>
         <load_address>0x48dd</load_address>
         <run_address>0x48dd</run_address>
         <size>0x2c</size>
         <input_file_ref idref="fl-4"/>
      </object_component>
      <object_component id="oc-1ef">
         <name>.debug_info</name>
         <load_address>0x4909</load_address>
         <run_address>0x4909</run_address>
         <size>0x4f</size>
         <input_file_ref idref="fl-4"/>
      </object_component>
      <object_component id="oc-19a">
         <name>.debug_info</name>
         <load_address>0x4958</load_address>
         <run_address>0x4958</run_address>
         <size>0x2a4</size>
         <input_file_ref idref="fl-4"/>
      </object_component>
      <object_component id="oc-9b">
         <name>.debug_info</name>
         <load_address>0x4bfc</load_address>
         <run_address>0x4bfc</run_address>
         <size>0xbb</size>
         <input_file_ref idref="fl-4"/>
      </object_component>
      <object_component id="oc-186">
         <name>.debug_info</name>
         <load_address>0x4cb7</load_address>
         <run_address>0x4cb7</run_address>
         <size>0x53</size>
         <input_file_ref idref="fl-4"/>
      </object_component>
      <object_component id="oc-96">
         <name>.debug_info</name>
         <load_address>0x4d0a</load_address>
         <run_address>0x4d0a</run_address>
         <size>0x53</size>
         <input_file_ref idref="fl-4"/>
      </object_component>
      <object_component id="oc-114">
         <name>.debug_info</name>
         <load_address>0x4d5d</load_address>
         <run_address>0x4d5d</run_address>
         <size>0x8a</size>
         <input_file_ref idref="fl-4"/>
      </object_component>
      <object_component id="oc-190">
         <name>.debug_info</name>
         <load_address>0x4de7</load_address>
         <run_address>0x4de7</run_address>
         <size>0x14c</size>
         <input_file_ref idref="fl-4"/>
      </object_component>
      <object_component id="oc-40">
         <name>.debug_info</name>
         <load_address>0x4f33</load_address>
         <run_address>0x4f33</run_address>
         <size>0x3d1</size>
         <input_file_ref idref="fl-5"/>
      </object_component>
      <object_component id="oc-13">
         <name>.debug_info</name>
         <load_address>0x5304</load_address>
         <run_address>0x5304</run_address>
         <size>0x138</size>
         <input_file_ref idref="fl-5"/>
      </object_component>
      <object_component id="oc-28">
         <name>.debug_info</name>
         <load_address>0x543c</load_address>
         <run_address>0x543c</run_address>
         <size>0x2b4</size>
         <input_file_ref idref="fl-5"/>
      </object_component>
      <object_component id="oc-1b2">
         <name>.debug_info</name>
         <load_address>0x56f0</load_address>
         <run_address>0x56f0</run_address>
         <size>0x6d3</size>
         <input_file_ref idref="fl-6"/>
      </object_component>
      <object_component id="oc-ac">
         <name>.debug_info</name>
         <load_address>0x5dc3</load_address>
         <run_address>0x5dc3</run_address>
         <size>0x13e1</size>
         <input_file_ref idref="fl-6"/>
      </object_component>
      <object_component id="oc-1a7">
         <name>.debug_info</name>
         <load_address>0x71a4</load_address>
         <run_address>0x71a4</run_address>
         <size>0x110</size>
         <input_file_ref idref="fl-6"/>
      </object_component>
      <object_component id="oc-289">
         <name>.debug_info</name>
         <load_address>0x72b4</load_address>
         <run_address>0x72b4</run_address>
         <size>0x3f8</size>
         <input_file_ref idref="fl-6"/>
      </object_component>
      <object_component id="oc-2ad">
         <name>.debug_info</name>
         <load_address>0x76ac</load_address>
         <run_address>0x76ac</run_address>
         <size>0x62</size>
         <input_file_ref idref="fl-6"/>
      </object_component>
      <object_component id="oc-1ad">
         <name>.debug_info</name>
         <load_address>0x770e</load_address>
         <run_address>0x770e</run_address>
         <size>0x39</size>
         <input_file_ref idref="fl-6"/>
      </object_component>
      <object_component id="oc-297">
         <name>.debug_info</name>
         <load_address>0x7747</load_address>
         <run_address>0x7747</run_address>
         <size>0x3d1</size>
         <input_file_ref idref="fl-7"/>
      </object_component>
      <object_component id="oc-168">
         <name>.debug_info</name>
         <load_address>0x7b18</load_address>
         <run_address>0x7b18</run_address>
         <size>0x541</size>
         <input_file_ref idref="fl-7"/>
      </object_component>
      <object_component id="oc-1a6">
         <name>.debug_info</name>
         <load_address>0x8059</load_address>
         <run_address>0x8059</run_address>
         <size>0x937</size>
         <input_file_ref idref="fl-8"/>
      </object_component>
      <object_component id="oc-a6">
         <name>.debug_info</name>
         <load_address>0x8990</load_address>
         <run_address>0x8990</run_address>
         <size>0x323d</size>
         <input_file_ref idref="fl-8"/>
      </object_component>
      <object_component id="oc-2a6">
         <name>.debug_info</name>
         <load_address>0xbbcd</load_address>
         <run_address>0xbbcd</run_address>
         <size>0x1c7</size>
         <input_file_ref idref="fl-8"/>
      </object_component>
      <object_component id="oc-1a1">
         <name>.debug_info</name>
         <load_address>0xbd94</load_address>
         <run_address>0xbd94</run_address>
         <size>0x46</size>
         <input_file_ref idref="fl-8"/>
      </object_component>
      <object_component id="oc-27f">
         <name>.debug_info</name>
         <load_address>0xbdda</load_address>
         <run_address>0xbdda</run_address>
         <size>0x35</size>
         <input_file_ref idref="fl-8"/>
      </object_component>
      <object_component id="oc-159">
         <name>.debug_info</name>
         <load_address>0xbe0f</load_address>
         <run_address>0xbe0f</run_address>
         <size>0x8a4</size>
         <input_file_ref idref="fl-9"/>
      </object_component>
      <object_component id="oc-80">
         <name>.debug_info</name>
         <load_address>0xc6b3</load_address>
         <run_address>0xc6b3</run_address>
         <size>0x34d</size>
         <input_file_ref idref="fl-9"/>
      </object_component>
      <object_component id="oc-16e">
         <name>.debug_info</name>
         <load_address>0xca00</load_address>
         <run_address>0xca00</run_address>
         <size>0x13f</size>
         <input_file_ref idref="fl-9"/>
      </object_component>
      <object_component id="oc-17c">
         <name>.debug_info</name>
         <load_address>0xcb3f</load_address>
         <run_address>0xcb3f</run_address>
         <size>0x13f</size>
         <input_file_ref idref="fl-9"/>
      </object_component>
      <object_component id="oc-17f">
         <name>.debug_info</name>
         <load_address>0xcc7e</load_address>
         <run_address>0xcc7e</run_address>
         <size>0x13f</size>
         <input_file_ref idref="fl-9"/>
      </object_component>
      <object_component id="oc-178">
         <name>.debug_info</name>
         <load_address>0xcdbd</load_address>
         <run_address>0xcdbd</run_address>
         <size>0x182</size>
         <input_file_ref idref="fl-9"/>
      </object_component>
      <object_component id="oc-175">
         <name>.debug_info</name>
         <load_address>0xcf3f</load_address>
         <run_address>0xcf3f</run_address>
         <size>0x13f</size>
         <input_file_ref idref="fl-9"/>
      </object_component>
      <object_component id="oc-172">
         <name>.debug_info</name>
         <load_address>0xd07e</load_address>
         <run_address>0xd07e</run_address>
         <size>0x140</size>
         <input_file_ref idref="fl-9"/>
      </object_component>
      <object_component id="oc-88">
         <name>.debug_info</name>
         <load_address>0xd1be</load_address>
         <run_address>0xd1be</run_address>
         <size>0x440f</size>
         <input_file_ref idref="fl-9"/>
      </object_component>
      <object_component id="oc-15a">
         <name>.debug_info</name>
         <load_address>0x115cd</load_address>
         <run_address>0x115cd</run_address>
         <size>0x303</size>
         <input_file_ref idref="fl-9"/>
      </object_component>
      <object_component id="oc-284">
         <name>.debug_info</name>
         <load_address>0x118d0</load_address>
         <run_address>0x118d0</run_address>
         <size>0x130</size>
         <input_file_ref idref="fl-9"/>
      </object_component>
      <object_component id="oc-229">
         <name>.debug_info</name>
         <load_address>0x11a00</load_address>
         <run_address>0x11a00</run_address>
         <size>0x882</size>
         <input_file_ref idref="fl-a"/>
      </object_component>
      <object_component id="oc-21e">
         <name>.debug_info</name>
         <load_address>0x12282</load_address>
         <run_address>0x12282</run_address>
         <size>0x13f</size>
         <input_file_ref idref="fl-a"/>
      </object_component>
      <object_component id="oc-221">
         <name>.debug_info</name>
         <load_address>0x123c1</load_address>
         <run_address>0x123c1</run_address>
         <size>0x13f</size>
         <input_file_ref idref="fl-a"/>
      </object_component>
      <object_component id="oc-21b">
         <name>.debug_info</name>
         <load_address>0x12500</load_address>
         <run_address>0x12500</run_address>
         <size>0x177</size>
         <input_file_ref idref="fl-a"/>
      </object_component>
      <object_component id="oc-218">
         <name>.debug_info</name>
         <load_address>0x12677</load_address>
         <run_address>0x12677</run_address>
         <size>0x163</size>
         <input_file_ref idref="fl-a"/>
      </object_component>
      <object_component id="oc-10f">
         <name>.debug_info</name>
         <load_address>0x127da</load_address>
         <run_address>0x127da</run_address>
         <size>0x23fa</size>
         <input_file_ref idref="fl-a"/>
      </object_component>
      <object_component id="oc-22a">
         <name>.debug_info</name>
         <load_address>0x14bd4</load_address>
         <run_address>0x14bd4</run_address>
         <size>0x1ce</size>
         <input_file_ref idref="fl-a"/>
      </object_component>
      <object_component id="oc-224">
         <name>.debug_info</name>
         <load_address>0x14da2</load_address>
         <run_address>0x14da2</run_address>
         <size>0x46</size>
         <input_file_ref idref="fl-a"/>
      </object_component>
      <object_component id="oc-90">
         <name>.debug_info</name>
         <load_address>0x14de8</load_address>
         <run_address>0x14de8</run_address>
         <size>0x4b8</size>
         <input_file_ref idref="fl-b"/>
      </object_component>
      <object_component id="oc-83">
         <name>.debug_info</name>
         <load_address>0x152a0</load_address>
         <run_address>0x152a0</run_address>
         <size>0x1b4</size>
         <input_file_ref idref="fl-b"/>
      </object_component>
      <object_component id="oc-8d">
         <name>.debug_info</name>
         <load_address>0x15454</load_address>
         <run_address>0x15454</run_address>
         <size>0x1bf</size>
         <input_file_ref idref="fl-b"/>
      </object_component>
      <object_component id="oc-33">
         <name>.debug_info</name>
         <load_address>0x15613</load_address>
         <run_address>0x15613</run_address>
         <size>0x94b</size>
         <input_file_ref idref="fl-b"/>
      </object_component>
      <object_component id="oc-2f">
         <name>.debug_info</name>
         <load_address>0x15f5e</load_address>
         <run_address>0x15f5e</run_address>
         <size>0x2a1</size>
         <input_file_ref idref="fl-c"/>
      </object_component>
      <object_component id="oc-295">
         <name>.debug_info</name>
         <load_address>0x161ff</load_address>
         <run_address>0x161ff</run_address>
         <size>0x46a</size>
         <input_file_ref idref="fl-d"/>
      </object_component>
      <object_component id="oc-292">
         <name>.debug_info</name>
         <load_address>0x16669</load_address>
         <run_address>0x16669</run_address>
         <size>0x13a</size>
         <input_file_ref idref="fl-d"/>
      </object_component>
      <object_component id="oc-28f">
         <name>.debug_info</name>
         <load_address>0x167a3</load_address>
         <run_address>0x167a3</run_address>
         <size>0x148</size>
         <input_file_ref idref="fl-d"/>
      </object_component>
      <object_component id="oc-162">
         <name>.debug_info</name>
         <load_address>0x168eb</load_address>
         <run_address>0x168eb</run_address>
         <size>0x458</size>
         <input_file_ref idref="fl-d"/>
      </object_component>
      <object_component id="oc-c4">
         <name>.debug_info</name>
         <load_address>0x16d43</load_address>
         <run_address>0x16d43</run_address>
         <size>0x1ef</size>
         <input_file_ref idref="fl-e"/>
      </object_component>
      <object_component id="oc-2c1">
         <name>.debug_info</name>
         <load_address>0x16f32</load_address>
         <run_address>0x16f32</run_address>
         <size>0xb7</size>
         <input_file_ref idref="fl-e"/>
      </object_component>
      <object_component id="oc-ee">
         <name>.debug_info</name>
         <load_address>0x16fe9</load_address>
         <run_address>0x16fe9</run_address>
         <size>0x9e0</size>
         <input_file_ref idref="fl-f"/>
      </object_component>
      <object_component id="oc-e8">
         <name>.debug_info</name>
         <load_address>0x179c9</load_address>
         <run_address>0x179c9</run_address>
         <size>0x282</size>
         <input_file_ref idref="fl-10"/>
      </object_component>
      <object_component id="oc-cb">
         <name>.debug_info</name>
         <load_address>0x17c4b</load_address>
         <run_address>0x17c4b</run_address>
         <size>0x21e</size>
         <input_file_ref idref="fl-11"/>
      </object_component>
      <object_component id="oc-1c8">
         <name>.debug_info</name>
         <load_address>0x17e69</load_address>
         <run_address>0x17e69</run_address>
         <size>0x31a</size>
         <input_file_ref idref="fl-12"/>
      </object_component>
      <object_component id="oc-1c5">
         <name>.debug_info</name>
         <load_address>0x18183</load_address>
         <run_address>0x18183</run_address>
         <size>0x157</size>
         <input_file_ref idref="fl-12"/>
      </object_component>
      <object_component id="oc-c0">
         <name>.debug_info</name>
         <load_address>0x182da</load_address>
         <run_address>0x182da</run_address>
         <size>0x7b0</size>
         <input_file_ref idref="fl-12"/>
      </object_component>
      <object_component id="oc-214">
         <name>.debug_info</name>
         <load_address>0x18a8a</load_address>
         <run_address>0x18a8a</run_address>
         <size>0x11c</size>
         <input_file_ref idref="fl-13"/>
      </object_component>
      <object_component id="oc-106">
         <name>.debug_info</name>
         <load_address>0x18ba6</load_address>
         <run_address>0x18ba6</run_address>
         <size>0x13c</size>
         <input_file_ref idref="fl-13"/>
      </object_component>
      <object_component id="oc-d9">
         <name>.debug_info</name>
         <load_address>0x18ce2</load_address>
         <run_address>0x18ce2</run_address>
         <size>0x1df</size>
         <input_file_ref idref="fl-14"/>
      </object_component>
      <object_component id="oc-1cf">
         <name>.debug_info</name>
         <load_address>0x18ec1</load_address>
         <run_address>0x18ec1</run_address>
         <size>0x62b</size>
         <input_file_ref idref="fl-15"/>
      </object_component>
      <object_component id="oc-1be">
         <name>.debug_info</name>
         <load_address>0x194ec</load_address>
         <run_address>0x194ec</run_address>
         <size>0x318</size>
         <input_file_ref idref="fl-16"/>
      </object_component>
      <object_component id="oc-1bb">
         <name>.debug_info</name>
         <load_address>0x19804</load_address>
         <run_address>0x19804</run_address>
         <size>0x14d</size>
         <input_file_ref idref="fl-16"/>
      </object_component>
      <object_component id="oc-b8">
         <name>.debug_info</name>
         <load_address>0x19951</load_address>
         <run_address>0x19951</run_address>
         <size>0x5ea</size>
         <input_file_ref idref="fl-16"/>
      </object_component>
      <object_component id="oc-211">
         <name>.debug_info</name>
         <load_address>0x19f3b</load_address>
         <run_address>0x19f3b</run_address>
         <size>0x11f</size>
         <input_file_ref idref="fl-17"/>
      </object_component>
      <object_component id="oc-103">
         <name>.debug_info</name>
         <load_address>0x1a05a</load_address>
         <run_address>0x1a05a</run_address>
         <size>0x140</size>
         <input_file_ref idref="fl-17"/>
      </object_component>
      <object_component id="oc-1dc">
         <name>.debug_info</name>
         <load_address>0x1a19a</load_address>
         <run_address>0x1a19a</run_address>
         <size>0x2b9</size>
         <input_file_ref idref="fl-18"/>
      </object_component>
      <object_component id="oc-d1">
         <name>.debug_info</name>
         <load_address>0x1a453</load_address>
         <run_address>0x1a453</run_address>
         <size>0x431</size>
         <input_file_ref idref="fl-18"/>
      </object_component>
      <object_component id="oc-205">
         <name>.debug_info</name>
         <load_address>0x1a884</load_address>
         <run_address>0x1a884</run_address>
         <size>0x13a</size>
         <input_file_ref idref="fl-d2"/>
      </object_component>
      <object_component id="oc-200">
         <name>.debug_info</name>
         <load_address>0x1a9be</load_address>
         <run_address>0x1a9be</run_address>
         <size>0x13a</size>
         <input_file_ref idref="fl-d3"/>
      </object_component>
      <object_component id="oc-209">
         <name>.debug_info</name>
         <load_address>0x1aaf8</load_address>
         <run_address>0x1aaf8</run_address>
         <size>0x12e</size>
         <input_file_ref idref="fl-d4"/>
      </object_component>
      <object_component id="oc-a1">
         <name>.debug_info</name>
         <load_address>0x1ac26</load_address>
         <run_address>0x1ac26</run_address>
         <size>0x122</size>
         <input_file_ref idref="fl-d5"/>
      </object_component>
      <object_component id="oc-4d">
         <name>.debug_info</name>
         <load_address>0x1ad48</load_address>
         <run_address>0x1ad48</run_address>
         <size>0x119</size>
         <input_file_ref idref="fl-d6"/>
      </object_component>
      <object_component id="oc-1fc">
         <name>.debug_info</name>
         <load_address>0x1ae61</load_address>
         <run_address>0x1ae61</run_address>
         <size>0x12e</size>
         <input_file_ref idref="fl-d7"/>
      </object_component>
      <object_component id="oc-142">
         <name>.debug_info</name>
         <load_address>0x1af8f</load_address>
         <run_address>0x1af8f</run_address>
         <size>0x147</size>
         <input_file_ref idref="fl-d8"/>
      </object_component>
      <object_component id="oc-1d8">
         <name>.debug_info</name>
         <load_address>0x1b0d6</load_address>
         <run_address>0x1b0d6</run_address>
         <size>0x13f</size>
         <input_file_ref idref="fl-d9"/>
      </object_component>
      <object_component id="oc-2cd">
         <name>.debug_info</name>
         <load_address>0x1b215</load_address>
         <run_address>0x1b215</run_address>
         <size>0x134</size>
         <input_file_ref idref="fl-da"/>
      </object_component>
      <object_component id="oc-13e">
         <name>.debug_info</name>
         <load_address>0x1b349</load_address>
         <run_address>0x1b349</run_address>
         <size>0x2d4</size>
         <input_file_ref idref="fl-db"/>
      </object_component>
      <object_component id="oc-5f">
         <name>.debug_info</name>
         <load_address>0x1b61d</load_address>
         <run_address>0x1b61d</run_address>
         <size>0x1b5</size>
         <input_file_ref idref="fl-db"/>
      </object_component>
      <object_component id="oc-139">
         <name>.debug_info</name>
         <load_address>0x1b7d2</load_address>
         <run_address>0x1b7d2</run_address>
         <size>0x46</size>
         <input_file_ref idref="fl-db"/>
      </object_component>
      <object_component id="oc-236">
         <name>.debug_info</name>
         <load_address>0x1b818</load_address>
         <run_address>0x1b818</run_address>
         <size>0x2c</size>
         <input_file_ref idref="fl-db"/>
      </object_component>
      <object_component id="oc-57">
         <name>.debug_info</name>
         <load_address>0x1b844</load_address>
         <run_address>0x1b844</run_address>
         <size>0x2a8</size>
         <input_file_ref idref="fl-dc"/>
      </object_component>
      <object_component id="oc-1f">
         <name>.debug_info</name>
         <load_address>0x1baec</load_address>
         <run_address>0x1baec</run_address>
         <size>0x1ea</size>
         <input_file_ref idref="fl-dc"/>
      </object_component>
      <object_component id="oc-52">
         <name>.debug_info</name>
         <load_address>0x1bcd6</load_address>
         <run_address>0x1bcd6</run_address>
         <size>0x46</size>
         <input_file_ref idref="fl-dc"/>
      </object_component>
      <object_component id="oc-131">
         <name>.debug_info</name>
         <load_address>0x1bd1c</load_address>
         <run_address>0x1bd1c</run_address>
         <size>0x2c</size>
         <input_file_ref idref="fl-dc"/>
      </object_component>
      <object_component id="oc-12f">
         <name>.debug_info</name>
         <load_address>0x1bd48</load_address>
         <run_address>0x1bd48</run_address>
         <size>0x29e</size>
         <input_file_ref idref="fl-dd"/>
      </object_component>
      <object_component id="oc-18">
         <name>.debug_info</name>
         <load_address>0x1bfe6</load_address>
         <run_address>0x1bfe6</run_address>
         <size>0x250</size>
         <input_file_ref idref="fl-dd"/>
      </object_component>
      <object_component id="oc-42">
         <name>.debug_info</name>
         <load_address>0x1c236</load_address>
         <run_address>0x1c236</run_address>
         <size>0x60</size>
         <input_file_ref idref="fl-dd"/>
      </object_component>
      <object_component id="oc-22f">
         <name>.debug_info</name>
         <load_address>0x1c296</load_address>
         <run_address>0x1c296</run_address>
         <size>0x46</size>
         <input_file_ref idref="fl-dd"/>
      </object_component>
      <object_component id="oc-12a">
         <name>.debug_info</name>
         <load_address>0x1c2dc</load_address>
         <run_address>0x1c2dc</run_address>
         <size>0x39</size>
         <input_file_ref idref="fl-dd"/>
      </object_component>
      <object_component id="oc-25">
         <name>.debug_info</name>
         <load_address>0x1c315</load_address>
         <run_address>0x1c315</run_address>
         <size>0x10b</size>
         <input_file_ref idref="fl-de"/>
      </object_component>
      <object_component id="oc-6c">
         <name>.debug_info</name>
         <load_address>0x1c420</load_address>
         <run_address>0x1c420</run_address>
         <size>0x1a9</size>
         <input_file_ref idref="fl-de"/>
      </object_component>
      <object_component id="oc-2c9">
         <name>.debug_info</name>
         <load_address>0x1c5c9</load_address>
         <run_address>0x1c5c9</run_address>
         <size>0x115</size>
         <input_file_ref idref="fl-df"/>
      </object_component>
      <object_component id="oc-2f0">
         <name>.debug_info</name>
         <load_address>0x1c6de</load_address>
         <run_address>0x1c6de</run_address>
         <size>0x4b3</size>
         <input_file_ref idref="fl-e0"/>
      </object_component>
      <object_component id="oc-24d">
         <name>.debug_info</name>
         <load_address>0x1cb91</load_address>
         <run_address>0x1cb91</run_address>
         <size>0x1a6</size>
         <input_file_ref idref="fl-e0"/>
      </object_component>
      <object_component id="oc-31f">
         <name>.debug_info</name>
         <load_address>0x1cd37</load_address>
         <run_address>0x1cd37</run_address>
         <size>0x39</size>
         <input_file_ref idref="fl-e0"/>
      </object_component>
      <object_component id="oc-333">
         <name>.debug_info</name>
         <load_address>0x1cd70</load_address>
         <run_address>0x1cd70</run_address>
         <size>0x39</size>
         <input_file_ref idref="fl-e0"/>
      </object_component>
      <object_component id="oc-324">
         <name>.debug_info</name>
         <load_address>0x1cda9</load_address>
         <run_address>0x1cda9</run_address>
         <size>0x39</size>
         <input_file_ref idref="fl-e0"/>
      </object_component>
      <object_component id="oc-329">
         <name>.debug_info</name>
         <load_address>0x1cde2</load_address>
         <run_address>0x1cde2</run_address>
         <size>0xcd</size>
         <input_file_ref idref="fl-e0"/>
      </object_component>
      <object_component id="oc-146">
         <name>.debug_info</name>
         <load_address>0x1ceaf</load_address>
         <run_address>0x1ceaf</run_address>
         <size>0x153</size>
         <input_file_ref idref="fl-e1"/>
      </object_component>
      <object_component id="oc-240">
         <name>.debug_info</name>
         <load_address>0x1d002</load_address>
         <run_address>0x1d002</run_address>
         <size>0x122</size>
         <input_file_ref idref="fl-e3"/>
      </object_component>
      <object_component id="oc-36e">
         <name>.debug_info</name>
         <load_address>0x1d124</load_address>
         <run_address>0x1d124</run_address>
         <size>0xeb</size>
      </object_component>
      <object_component id="oc-1b9">
         <name>.debug_line</name>
         <load_address>0x0</load_address>
         <run_address>0x0</run_address>
         <size>0x3e</size>
         <input_file_ref idref="fl-2"/>
      </object_component>
      <object_component id="oc-2b6">
         <name>.debug_line</name>
         <load_address>0x3e</load_address>
         <run_address>0x3e</run_address>
         <size>0xad</size>
         <input_file_ref idref="fl-2"/>
      </object_component>
      <object_component id="oc-4a">
         <name>.debug_line</name>
         <load_address>0xeb</load_address>
         <run_address>0xeb</run_address>
         <size>0x20</size>
         <input_file_ref idref="fl-2"/>
      </object_component>
      <object_component id="oc-121">
         <name>.debug_line</name>
         <load_address>0x10b</load_address>
         <run_address>0x10b</run_address>
         <size>0xb2</size>
         <input_file_ref idref="fl-2"/>
      </object_component>
      <object_component id="oc-b2">
         <name>.debug_line</name>
         <load_address>0x1bd</load_address>
         <run_address>0x1bd</run_address>
         <size>0x45</size>
         <input_file_ref idref="fl-3"/>
      </object_component>
      <object_component id="oc-1df">
         <name>.debug_line</name>
         <load_address>0x202</load_address>
         <run_address>0x202</run_address>
         <size>0x82a</size>
         <input_file_ref idref="fl-4"/>
      </object_component>
      <object_component id="oc-216">
         <name>.debug_line</name>
         <load_address>0xa2c</load_address>
         <run_address>0xa2c</run_address>
         <size>0x2d</size>
         <input_file_ref idref="fl-4"/>
      </object_component>
      <object_component id="oc-3d">
         <name>.debug_line</name>
         <load_address>0xa59</load_address>
         <run_address>0xa59</run_address>
         <size>0x415</size>
         <input_file_ref idref="fl-4"/>
      </object_component>
      <object_component id="oc-1c2">
         <name>.debug_line</name>
         <load_address>0xe6e</load_address>
         <run_address>0xe6e</run_address>
         <size>0xb1</size>
         <input_file_ref idref="fl-4"/>
      </object_component>
      <object_component id="oc-1e8">
         <name>.debug_line</name>
         <load_address>0xf1f</load_address>
         <run_address>0xf1f</run_address>
         <size>0xb1</size>
         <input_file_ref idref="fl-4"/>
      </object_component>
      <object_component id="oc-18e">
         <name>.debug_line</name>
         <load_address>0xfd0</load_address>
         <run_address>0xfd0</run_address>
         <size>0xb9</size>
         <input_file_ref idref="fl-4"/>
      </object_component>
      <object_component id="oc-1e3">
         <name>.debug_line</name>
         <load_address>0x1089</load_address>
         <run_address>0x1089</run_address>
         <size>0xaf</size>
         <input_file_ref idref="fl-4"/>
      </object_component>
      <object_component id="oc-128">
         <name>.debug_line</name>
         <load_address>0x1138</load_address>
         <run_address>0x1138</run_address>
         <size>0x6f</size>
         <input_file_ref idref="fl-4"/>
      </object_component>
      <object_component id="oc-1cc">
         <name>.debug_line</name>
         <load_address>0x11a7</load_address>
         <run_address>0x11a7</run_address>
         <size>0xaf</size>
         <input_file_ref idref="fl-4"/>
      </object_component>
      <object_component id="oc-198">
         <name>.debug_line</name>
         <load_address>0x1256</load_address>
         <run_address>0x1256</run_address>
         <size>0xbd</size>
         <input_file_ref idref="fl-4"/>
      </object_component>
      <object_component id="oc-11c">
         <name>.debug_line</name>
         <load_address>0x1313</load_address>
         <run_address>0x1313</run_address>
         <size>0xc1</size>
         <input_file_ref idref="fl-4"/>
      </object_component>
      <object_component id="oc-1ed">
         <name>.debug_line</name>
         <load_address>0x13d4</load_address>
         <run_address>0x13d4</run_address>
         <size>0xba</size>
         <input_file_ref idref="fl-4"/>
      </object_component>
      <object_component id="oc-1f7">
         <name>.debug_line</name>
         <load_address>0x148e</load_address>
         <run_address>0x148e</run_address>
         <size>0xbb</size>
         <input_file_ref idref="fl-4"/>
      </object_component>
      <object_component id="oc-94">
         <name>.debug_line</name>
         <load_address>0x1549</load_address>
         <run_address>0x1549</run_address>
         <size>0xbd</size>
         <input_file_ref idref="fl-4"/>
      </object_component>
      <object_component id="oc-1f2">
         <name>.debug_line</name>
         <load_address>0x1606</load_address>
         <run_address>0x1606</run_address>
         <size>0xbb</size>
         <input_file_ref idref="fl-4"/>
      </object_component>
      <object_component id="oc-19d">
         <name>.debug_line</name>
         <load_address>0x16c1</load_address>
         <run_address>0x16c1</run_address>
         <size>0x73</size>
         <input_file_ref idref="fl-4"/>
      </object_component>
      <object_component id="oc-9e">
         <name>.debug_line</name>
         <load_address>0x1734</load_address>
         <run_address>0x1734</run_address>
         <size>0x70</size>
         <input_file_ref idref="fl-4"/>
      </object_component>
      <object_component id="oc-189">
         <name>.debug_line</name>
         <load_address>0x17a4</load_address>
         <run_address>0x17a4</run_address>
         <size>0x6b</size>
         <input_file_ref idref="fl-4"/>
      </object_component>
      <object_component id="oc-99">
         <name>.debug_line</name>
         <load_address>0x180f</load_address>
         <run_address>0x180f</run_address>
         <size>0xcc</size>
         <input_file_ref idref="fl-4"/>
      </object_component>
      <object_component id="oc-117">
         <name>.debug_line</name>
         <load_address>0x18db</load_address>
         <run_address>0x18db</run_address>
         <size>0x2d</size>
         <input_file_ref idref="fl-4"/>
      </object_component>
      <object_component id="oc-193">
         <name>.debug_line</name>
         <load_address>0x1908</load_address>
         <run_address>0x1908</run_address>
         <size>0xb9</size>
         <input_file_ref idref="fl-4"/>
      </object_component>
      <object_component id="oc-124">
         <name>.debug_line</name>
         <load_address>0x19c1</load_address>
         <run_address>0x19c1</run_address>
         <size>0x41</size>
         <input_file_ref idref="fl-5"/>
      </object_component>
      <object_component id="oc-3f">
         <name>.debug_line</name>
         <load_address>0x1a02</load_address>
         <run_address>0x1a02</run_address>
         <size>0x41</size>
         <input_file_ref idref="fl-5"/>
      </object_component>
      <object_component id="oc-2b">
         <name>.debug_line</name>
         <load_address>0x1a43</load_address>
         <run_address>0x1a43</run_address>
         <size>0xa1</size>
         <input_file_ref idref="fl-5"/>
      </object_component>
      <object_component id="oc-2ac">
         <name>.debug_line</name>
         <load_address>0x1ae4</load_address>
         <run_address>0x1ae4</run_address>
         <size>0x29b</size>
         <input_file_ref idref="fl-6"/>
      </object_component>
      <object_component id="oc-af">
         <name>.debug_line</name>
         <load_address>0x1d7f</load_address>
         <run_address>0x1d7f</run_address>
         <size>0x2f0</size>
         <input_file_ref idref="fl-6"/>
      </object_component>
      <object_component id="oc-1aa">
         <name>.debug_line</name>
         <load_address>0x206f</load_address>
         <run_address>0x206f</run_address>
         <size>0x6b</size>
         <input_file_ref idref="fl-6"/>
      </object_component>
      <object_component id="oc-28c">
         <name>.debug_line</name>
         <load_address>0x20da</load_address>
         <run_address>0x20da</run_address>
         <size>0xbd</size>
         <input_file_ref idref="fl-6"/>
      </object_component>
      <object_component id="oc-2b0">
         <name>.debug_line</name>
         <load_address>0x2197</load_address>
         <run_address>0x2197</run_address>
         <size>0x45</size>
         <input_file_ref idref="fl-6"/>
      </object_component>
      <object_component id="oc-1b0">
         <name>.debug_line</name>
         <load_address>0x21dc</load_address>
         <run_address>0x21dc</run_address>
         <size>0xc1</size>
         <input_file_ref idref="fl-6"/>
      </object_component>
      <object_component id="oc-30c">
         <name>.debug_line</name>
         <load_address>0x229d</load_address>
         <run_address>0x229d</run_address>
         <size>0x20</size>
         <input_file_ref idref="fl-7"/>
      </object_component>
      <object_component id="oc-16b">
         <name>.debug_line</name>
         <load_address>0x22bd</load_address>
         <run_address>0x22bd</run_address>
         <size>0xf0</size>
         <input_file_ref idref="fl-7"/>
      </object_component>
      <object_component id="oc-2a5">
         <name>.debug_line</name>
         <load_address>0x23ad</load_address>
         <run_address>0x23ad</run_address>
         <size>0x29b</size>
         <input_file_ref idref="fl-8"/>
      </object_component>
      <object_component id="oc-a9">
         <name>.debug_line</name>
         <load_address>0x2648</load_address>
         <run_address>0x2648</run_address>
         <size>0x773</size>
         <input_file_ref idref="fl-8"/>
      </object_component>
      <object_component id="oc-2a9">
         <name>.debug_line</name>
         <load_address>0x2dbb</load_address>
         <run_address>0x2dbb</run_address>
         <size>0x3e</size>
         <input_file_ref idref="fl-8"/>
      </object_component>
      <object_component id="oc-1a4">
         <name>.debug_line</name>
         <load_address>0x2df9</load_address>
         <run_address>0x2df9</run_address>
         <size>0xba</size>
         <input_file_ref idref="fl-8"/>
      </object_component>
      <object_component id="oc-282">
         <name>.debug_line</name>
         <load_address>0x2eb3</load_address>
         <run_address>0x2eb3</run_address>
         <size>0x74</size>
         <input_file_ref idref="fl-8"/>
      </object_component>
      <object_component id="oc-27e">
         <name>.debug_line</name>
         <load_address>0x2f27</load_address>
         <run_address>0x2f27</run_address>
         <size>0x3fe</size>
         <input_file_ref idref="fl-9"/>
      </object_component>
      <object_component id="oc-158">
         <name>.debug_line</name>
         <load_address>0x3325</load_address>
         <run_address>0x3325</run_address>
         <size>0x3e</size>
         <input_file_ref idref="fl-9"/>
      </object_component>
      <object_component id="oc-299">
         <name>.debug_line</name>
         <load_address>0x3363</load_address>
         <run_address>0x3363</run_address>
         <size>0x3e</size>
         <input_file_ref idref="fl-9"/>
      </object_component>
      <object_component id="oc-2a1">
         <name>.debug_line</name>
         <load_address>0x33a1</load_address>
         <run_address>0x33a1</run_address>
         <size>0x3e</size>
         <input_file_ref idref="fl-9"/>
      </object_component>
      <object_component id="oc-2a3">
         <name>.debug_line</name>
         <load_address>0x33df</load_address>
         <run_address>0x33df</run_address>
         <size>0x3e</size>
         <input_file_ref idref="fl-9"/>
      </object_component>
      <object_component id="oc-29f">
         <name>.debug_line</name>
         <load_address>0x341d</load_address>
         <run_address>0x341d</run_address>
         <size>0x3e</size>
         <input_file_ref idref="fl-9"/>
      </object_component>
      <object_component id="oc-29d">
         <name>.debug_line</name>
         <load_address>0x345b</load_address>
         <run_address>0x345b</run_address>
         <size>0x3e</size>
         <input_file_ref idref="fl-9"/>
      </object_component>
      <object_component id="oc-29b">
         <name>.debug_line</name>
         <load_address>0x3499</load_address>
         <run_address>0x3499</run_address>
         <size>0x3e</size>
         <input_file_ref idref="fl-9"/>
      </object_component>
      <object_component id="oc-86">
         <name>.debug_line</name>
         <load_address>0x34d7</load_address>
         <run_address>0x34d7</run_address>
         <size>0xa79</size>
         <input_file_ref idref="fl-9"/>
      </object_component>
      <object_component id="oc-15d">
         <name>.debug_line</name>
         <load_address>0x3f50</load_address>
         <run_address>0x3f50</run_address>
         <size>0xb9</size>
         <input_file_ref idref="fl-9"/>
      </object_component>
      <object_component id="oc-287">
         <name>.debug_line</name>
         <load_address>0x4009</load_address>
         <run_address>0x4009</run_address>
         <size>0x3e</size>
         <input_file_ref idref="fl-9"/>
      </object_component>
      <object_component id="oc-2e4">
         <name>.debug_line</name>
         <load_address>0x4047</load_address>
         <run_address>0x4047</run_address>
         <size>0x335</size>
         <input_file_ref idref="fl-a"/>
      </object_component>
      <object_component id="oc-2e0">
         <name>.debug_line</name>
         <load_address>0x437c</load_address>
         <run_address>0x437c</run_address>
         <size>0x3f</size>
         <input_file_ref idref="fl-a"/>
      </object_component>
      <object_component id="oc-2e2">
         <name>.debug_line</name>
         <load_address>0x43bb</load_address>
         <run_address>0x43bb</run_address>
         <size>0x3f</size>
         <input_file_ref idref="fl-a"/>
      </object_component>
      <object_component id="oc-2de">
         <name>.debug_line</name>
         <load_address>0x43fa</load_address>
         <run_address>0x43fa</run_address>
         <size>0x3f</size>
         <input_file_ref idref="fl-a"/>
      </object_component>
      <object_component id="oc-2dc">
         <name>.debug_line</name>
         <load_address>0x4439</load_address>
         <run_address>0x4439</run_address>
         <size>0x3f</size>
         <input_file_ref idref="fl-a"/>
      </object_component>
      <object_component id="oc-10e">
         <name>.debug_line</name>
         <load_address>0x4478</load_address>
         <run_address>0x4478</run_address>
         <size>0x4d8</size>
         <input_file_ref idref="fl-a"/>
      </object_component>
      <object_component id="oc-22d">
         <name>.debug_line</name>
         <load_address>0x4950</load_address>
         <run_address>0x4950</run_address>
         <size>0x3f</size>
         <input_file_ref idref="fl-a"/>
      </object_component>
      <object_component id="oc-227">
         <name>.debug_line</name>
         <load_address>0x498f</load_address>
         <run_address>0x498f</run_address>
         <size>0xbb</size>
         <input_file_ref idref="fl-a"/>
      </object_component>
      <object_component id="oc-185">
         <name>.debug_line</name>
         <load_address>0x4a4a</load_address>
         <run_address>0x4a4a</run_address>
         <size>0xec</size>
         <input_file_ref idref="fl-b"/>
      </object_component>
      <object_component id="oc-160">
         <name>.debug_line</name>
         <load_address>0x4b36</load_address>
         <run_address>0x4b36</run_address>
[...]
         <object_component_ref idref="oc-85"/>
      </symbol>
      <symbol id="sm-60e">
         <name>uxTopUsedPriority</name>
         <value>0x6f5c</value>
         <object_component_ref idref="oc-171"/>
      </symbol>
      <symbol id="sm-60f">
         <name>vTaskPlaceOnEventListRestricted</name>
         <value>0xda5</value>
         <object_component_ref idref="oc-85"/>
      </symbol>
      <symbol id="sm-610">
         <name>vTaskSetTimeOutState</name>
         <value>0x10cb</value>
         <object_component_ref idref="oc-85"/>
      </symbol>
      <symbol id="sm-611">
         <name>xTaskIncrementTick</name>
         <value>0x94d</value>
         <object_component_ref idref="oc-85"/>
      </symbol>
      <symbol id="sm-612">
         <name>vTaskSwitchContext</name>
         <value>0xbfd</value>
         <object_component_ref idref="oc-85"/>
      </symbol>
      <symbol id="sm-613">
         <name>uxTaskResetEventItemValue</name>
         <value>0x163f</value>
         <object_component_ref idref="oc-85"/>
      </symbol>
      <symbol id="sm-614">
         <name>xTaskGetSchedulerState</name>
         <value>0x1281</value>
         <object_component_ref idref="oc-85"/>
      </symbol>
      <symbol id="sm-615">
         <name>xTaskGetCurrentTaskHandle</name>
         <value>0x1271</value>
         <object_component_ref idref="oc-85"/>
      </symbol>
      <symbol id="sm-616">
         <name>vTaskPlaceOnUnorderedEventList</name>
         <value>0xd05</value>
         <object_component_ref idref="oc-85"/>
      </symbol>
      <symbol id="sm-617">
         <name>xTaskRemoveFromEventList</name>
         <value>0xe25</value>
         <object_component_ref idref="oc-85"/>
      </symbol>
      <symbol id="sm-618">
         <name>xTaskPriorityInherit</name>
         <value>0x12b1</value>
         <object_component_ref idref="oc-85"/>
      </symbol>
      <symbol id="sm-6df">
         <name>xTimerGetTimerDaemonTaskHandle</name>
         <value>0x4b45</value>
         <object_component_ref idref="oc-10c"/>
      </symbol>
      <symbol id="sm-6e0">
         <name>pcTimerGetName</name>
         <value>0x4c4d</value>
         <object_component_ref idref="oc-10c"/>
      </symbol>
      <symbol id="sm-6e1">
         <name>xTimerCreateTimerTask</name>
         <value>0x49e9</value>
         <object_component_ref idref="oc-10c"/>
      </symbol>
      <symbol id="sm-6e2">
         <name>xTimerGetExpiryTime</name>
         <value>0x4c1f</value>
         <object_component_ref idref="oc-10c"/>
      </symbol>
      <symbol id="sm-6e3">
         <name>xTimerIsTimerActive</name>
         <value>0x5075</value>
         <object_component_ref idref="oc-10c"/>
      </symbol>
      <symbol id="sm-6e4">
         <name>xTimerGetPeriod</name>
         <value>0x4b67</value>
         <object_component_ref idref="oc-10c"/>
      </symbol>
      <symbol id="sm-6e5">
         <name>xTimerGetReloadMode</name>
         <value>0x4bd7</value>
         <object_component_ref idref="oc-10c"/>
      </symbol>
      <symbol id="sm-6e6">
         <name>xTimerCreate</name>
         <value>0x4a27</value>
         <object_component_ref idref="oc-10c"/>
      </symbol>
      <symbol id="sm-6e7">
         <name>vTimerSetReloadMode</name>
         <value>0x4b8d</value>
         <object_component_ref idref="oc-10c"/>
      </symbol>
      <symbol id="sm-6e8">
         <name>xTimerGenericCommand</name>
         <value>0x4ac5</value>
         <object_component_ref idref="oc-10c"/>
      </symbol>
      <symbol id="sm-6e9">
         <name>uxTimerGetReloadMode</name>
         <value>0x4c13</value>
         <object_component_ref idref="oc-10c"/>
      </symbol>
      <symbol id="sm-6ea">
         <name>pvTimerGetTimerID</name>
         <value>0x50b1</value>
         <object_component_ref idref="oc-10c"/>
      </symbol>
      <symbol id="sm-6eb">
         <name>xTimerPendFunctionCallFromISR</name>
         <value>0x510d</value>
         <object_component_ref idref="oc-10c"/>
      </symbol>
      <symbol id="sm-6ec">
         <name>xTimerPendFunctionCall</name>
         <value>0x5143</value>
         <object_component_ref idref="oc-10c"/>
      </symbol>
      <symbol id="sm-6ed">
         <name>vTimerSetTimerID</name>
         <value>0x50df</value>
         <object_component_ref idref="oc-10c"/>
      </symbol>
      <symbol id="sm-73d">
         <name>ulMaxSyscallInterruptPriority</name>
         <value>0x6f54</value>
         <object_component_ref idref="oc-82"/>
      </symbol>
      <symbol id="sm-73e">
         <name>vPortSetupTimerInterrupt</name>
         <value>0x5d21</value>
         <object_component_ref idref="oc-32"/>
      </symbol>
      <symbol id="sm-73f">
         <name>vPortEndScheduler</name>
         <value>0x5c69</value>
         <object_component_ref idref="oc-32"/>
      </symbol>
      <symbol id="sm-740">
         <name>xPortSysTickHandler</name>
         <value>0x5cfb</value>
         <object_component_ref idref="oc-32"/>
      </symbol>
      <symbol id="sm-741">
         <name>vPortValidateInterruptPriority</name>
         <value>0x5d3d</value>
         <object_component_ref idref="oc-32"/>
      </symbol>
      <symbol id="sm-742">
         <name>pxPortInitialiseStack</name>
         <value>0x5b25</value>
         <object_component_ref idref="oc-32"/>
      </symbol>
      <symbol id="sm-743">
         <name>vPortExitCritical</name>
         <value>0x5ccf</value>
         <object_component_ref idref="oc-32"/>
      </symbol>
      <symbol id="sm-744">
         <name>xPortStartScheduler</name>
         <value>0x5bb1</value>
         <object_component_ref idref="oc-32"/>
      </symbol>
      <symbol id="sm-745">
         <name>vPortEnterCritical</name>
         <value>0x5c8d</value>
         <object_component_ref idref="oc-32"/>
      </symbol>
      <symbol id="sm-754">
         <name>vPortStartFirstTask</name>
         <value>0x67d9</value>
         <object_component_ref idref="oc-2d"/>
      </symbol>
      <symbol id="sm-755">
         <name>ulPortGetIPSR</name>
         <value>0x6741</value>
         <object_component_ref idref="oc-2d"/>
      </symbol>
      <symbol id="sm-756">
         <name>vPortEnableVFP</name>
         <value>0x67fd</value>
         <object_component_ref idref="oc-2d"/>
      </symbol>
      <symbol id="sm-757">
         <name>xPortPendSVHandler</name>
         <value>0x6759</value>
         <object_component_ref idref="oc-2d"/>
      </symbol>
      <symbol id="sm-758">
         <name>vPortSVCHandler</name>
         <value>0x67b9</value>
         <object_component_ref idref="oc-2d"/>
      </symbol>
      <symbol id="sm-782">
         <name>vPortInitialiseBlocks</name>
         <value>0x68bd</value>
         <object_component_ref idref="oc-161"/>
      </symbol>
      <symbol id="sm-783">
         <name>xPortGetFreeHeapSize</name>
         <value>0x68c5</value>
         <object_component_ref idref="oc-161"/>
      </symbol>
      <symbol id="sm-784">
         <name>pvPortMalloc</name>
         <value>0x680d</value>
         <object_component_ref idref="oc-161"/>
      </symbol>
      <symbol id="sm-785">
         <name>vPortFree</name>
         <value>0x6899</value>
         <object_component_ref idref="oc-161"/>
      </symbol>
      <symbol id="sm-79f">
         <name>GPIO_SetupButtonsInterrupt</name>
         <value>0x68dd</value>
         <object_component_ref idref="oc-c3"/>
      </symbol>
      <symbol id="sm-7ba">
         <name>Led_BLUE1_SetOff</name>
         <value>0x66f1</value>
         <object_component_ref idref="oc-ed"/>
      </symbol>
      <symbol id="sm-7bb">
         <name>Led_RED1_SetOff</name>
         <value>0x6659</value>
         <object_component_ref idref="oc-ed"/>
      </symbol>
      <symbol id="sm-7bc">
         <name>Led_RED2_Toggle</name>
         <value>0x668b</value>
         <object_component_ref idref="oc-ed"/>
      </symbol>
      <symbol id="sm-7bd">
         <name>Led_BLUE1_Toggle</name>
         <value>0x66fd</value>
         <object_component_ref idref="oc-ed"/>
      </symbol>
      <symbol id="sm-7be">
         <name>Led_RED2_SetOn</name>
         <value>0x6673</value>
         <object_component_ref idref="oc-ed"/>
      </symbol>
      <symbol id="sm-7bf">
         <name>Led_GREEN2_SetOn</name>
         <value>0x66bf</value>
         <object_component_ref idref="oc-ed"/>
      </symbol>
      <symbol id="sm-7c0">
         <name>Led_BLUE2_SetOff</name>
         <value>0x6717</value>
         <object_component_ref idref="oc-ed"/>
      </symbol>
      <symbol id="sm-7c1">
         <name>Led_RED1_SetOn</name>
         <value>0x664d</value>
         <object_component_ref idref="oc-ed"/>
      </symbol>
      <symbol id="sm-7c2">
         <name>Led_GREEN1_Toggle</name>
         <value>0x66b1</value>
         <object_component_ref idref="oc-ed"/>
      </symbol>
      <symbol id="sm-7c3">
         <name>Led_GREEN2_SetOff</name>
         <value>0x66cb</value>
         <object_component_ref idref="oc-ed"/>
      </symbol>
      <symbol id="sm-7c4">
         <name>Led_BLUE1_SetOn</name>
         <value>0x66e5</value>
         <object_component_ref idref="oc-ed"/>
      </symbol>
      <symbol id="sm-7c5">
         <name>Led_RED1_Toggle</name>
         <value>0x6665</value>
         <object_component_ref idref="oc-ed"/>
      </symbol>
      <symbol id="sm-7c6">
         <name>Led_GREEN2_Toggle</name>
         <value>0x66d7</value>
         <object_component_ref idref="oc-ed"/>
      </symbol>
      <symbol id="sm-7c7">
         <name>Led_GREEN1_SetOn</name>
         <value>0x6699</value>
         <object_component_ref idref="oc-ed"/>
      </symbol>
      <symbol id="sm-7c8">
         <name>Led_RED2_SetOff</name>
         <value>0x667f</value>
         <object_component_ref idref="oc-ed"/>
      </symbol>
      <symbol id="sm-7c9">
         <name>Led_GREEN1_SetOff</name>
         <value>0x66a5</value>
         <object_component_ref idref="oc-ed"/>
      </symbol>
      <symbol id="sm-7ca">
         <name>Led_BLUE2_Toggle</name>
         <value>0x6723</value>
         <object_component_ref idref="oc-ed"/>
      </symbol>
      <symbol id="sm-7cb">
         <name>Led_BLUE2_SetOn</name>
         <value>0x670b</value>
         <object_component_ref idref="oc-ed"/>
      </symbol>
      <symbol id="sm-7d8">
         <name>LM35_getTemperature</name>
         <value>0x6c61</value>
         <object_component_ref idref="oc-e7"/>
      </symbol>
      <symbol id="sm-7fd">
         <name>ADC_Init</name>
         <value>0x6045</value>
         <object_component_ref idref="oc-c9"/>
      </symbol>
      <symbol id="sm-7fe">
         <name>ADC_ReadChannel</name>
         <value>0x60df</value>
         <object_component_ref idref="oc-c9"/>
      </symbol>
      <symbol id="sm-86a">
         <name>Dio_WriteChannel</name>
         <value>0x56c9</value>
         <object_component_ref idref="oc-bd"/>
      </symbol>
      <symbol id="sm-86b">
         <name>Dio_FlipChannel</name>
         <value>0x5a1d</value>
         <object_component_ref idref="oc-bd"/>
      </symbol>
      <symbol id="sm-86c">
         <name>Dio_Init</name>
         <value>0x56a5</value>
         <object_component_ref idref="oc-bd"/>
      </symbol>
      <symbol id="sm-86d">
         <name>Dio_ReadChannelGroup</name>
         <value>0x5875</value>
         <object_component_ref idref="oc-bd"/>
      </symbol>
      <symbol id="sm-86e">
         <name>Dio_WriteChannelGroup</name>
         <value>0x5939</value>
         <object_component_ref idref="oc-bd"/>
      </symbol>
      <symbol id="sm-86f">
         <name>Dio_ReadChannel</name>
         <value>0x57a9</value>
         <object_component_ref idref="oc-bd"/>
      </symbol>
      <symbol id="sm-87a">
         <name>Dio_Configuration</name>
         <value>0x6f40</value>
         <object_component_ref idref="oc-105"/>
      </symbol>
      <symbol id="sm-88c">
         <name>GPTM_WTimer0Init</name>
         <value>0x6c0d</value>
         <object_component_ref idref="oc-d5"/>
      </symbol>
      <symbol id="sm-88d">
         <name>GPTM_WTimer0Read</name>
         <value>0x6c3d</value>
         <object_component_ref idref="oc-d5"/>
      </symbol>
      <symbol id="sm-8b1">
         <name>NVIC_DisableException</name>
         <value>0x5f0b</value>
         <object_component_ref idref="oc-1ce"/>
      </symbol>
      <symbol id="sm-8b2">
         <name>NVIC_SetPriorityIRQ</name>
         <value>0x5e59</value>
         <object_component_ref idref="oc-1ce"/>
      </symbol>
      <symbol id="sm-8b3">
         <name>NVIC_EnableException</name>
         <value>0x5ec5</value>
         <object_component_ref idref="oc-1ce"/>
      </symbol>
      <symbol id="sm-8b4">
         <name>NVIC_SetPriorityException</name>
         <value>0x5f51</value>
         <object_component_ref idref="oc-1ce"/>
      </symbol>
      <symbol id="sm-8b5">
         <name>NVIC_DisableIRQ</name>
         <value>0x5e17</value>
         <object_component_ref idref="oc-1ce"/>
      </symbol>
      <symbol id="sm-8b6">
         <name>NVIC_EnableIRQ</name>
         <value>0x5dd5</value>
         <object_component_ref idref="oc-1ce"/>
      </symbol>
      <symbol id="sm-93d">
         <name>Port_GetVersionInfo</name>
         <value>0x46e1</value>
         <object_component_ref idref="oc-b7"/>
      </symbol>
      <symbol id="sm-93e">
         <name>Port_Init</name>
         <value>0x3ed5</value>
         <object_component_ref idref="oc-b7"/>
      </symbol>
      <symbol id="sm-93f">
         <name>Port_SetPinDirection</name>
         <value>0x433b</value>
         <object_component_ref idref="oc-b7"/>
      </symbol>
      <symbol id="sm-940">
         <name>Port_SetPinMode</name>
         <value>0x4719</value>
         <object_component_ref idref="oc-b7"/>
      </symbol>
      <symbol id="sm-941">
         <name>Port_RefreshPortDirection</name>
         <value>0x4585</value>
         <object_component_ref idref="oc-b7"/>
      </symbol>
      <symbol id="sm-94c">
         <name>Port_Configuration</name>
         <value>0x6e08</value>
         <object_component_ref idref="oc-102"/>
      </symbol>
      <symbol id="sm-970">
         <name>UART0_SendInteger</name>
         <value>0x622d</value>
         <object_component_ref idref="oc-cf"/>
      </symbol>
      <symbol id="sm-971">
         <name>UART0_ReceiveByte</name>
         <value>0x61f7</value>
         <object_component_ref idref="oc-cf"/>
      </symbol>
      <symbol id="sm-972">
         <name>UART0_SendByte</name>
         <value>0x61db</value>
         <object_component_ref idref="oc-cf"/>
      </symbol>
      <symbol id="sm-973">
         <name>UART0_Init</name>
         <value>0x61a1</value>
         <object_component_ref idref="oc-cf"/>
      </symbol>
      <symbol id="sm-974">
         <name>UART0_SendString</name>
         <value>0x6207</value>
         <object_component_ref idref="oc-cf"/>
      </symbol>
      <symbol id="sm-988">
         <name>__aeabi_ddiv</name>
         <value>0x62f1</value>
         <object_component_ref idref="oc-203"/>
      </symbol>
      <symbol id="sm-993">
         <name>__aeabi_dmul</name>
         <value>0x6551</value>
         <object_component_ref idref="oc-1fe"/>
      </symbol>
      <symbol id="sm-99d">
         <name>__aeabi_d2iz</name>
         <value>0x6cad</value>
         <object_component_ref idref="oc-208"/>
      </symbol>
      <symbol id="sm-9a6">
         <name>__aeabi_lmul</name>
         <value>0x6dad</value>
         <object_component_ref idref="oc-a0"/>
      </symbol>
      <symbol id="sm-9c1">
         <name>memcpy</name>
         <value>0x6989</value>
         <object_component_ref idref="oc-4c"/>
      </symbol>
      <symbol id="sm-9c2">
         <name>__aeabi_memcpy</name>
         <value>0x6989</value>
         <object_component_ref idref="oc-4c"/>
      </symbol>
      <symbol id="sm-9c3">
         <name>__aeabi_memcpy8</name>
         <value>0x6989</value>
         <object_component_ref idref="oc-4c"/>
      </symbol>
      <symbol id="sm-9c4">
         <name>__aeabi_memcpy4</name>
         <value>0x6989</value>
         <object_component_ref idref="oc-4c"/>
      </symbol>
      <symbol id="sm-9ce">
         <name>__aeabi_ui2d</name>
         <value>0x6d8d</value>
         <object_component_ref idref="oc-1f9"/>
      </symbol>
      <symbol id="sm-9dd">
         <name>__aeabi_memset</name>
         <value>0x6abd</value>
         <object_component_ref idref="oc-13f"/>
      </symbol>
      <symbol id="sm-9de">
         <name>memset</name>
         <value>0x6ac3</value>
         <object_component_ref idref="oc-13f"/>
      </symbol>
      <symbol id="sm-9df">
         <name>__aeabi_memset8</name>
         <value>0x6abd</value>
         <object_component_ref idref="oc-13f"/>
      </symbol>
      <symbol id="sm-9e0">
         <name>__aeabi_memset4</name>
         <value>0x6abd</value>
         <object_component_ref idref="oc-13f"/>
      </symbol>
      <symbol id="sm-9e1">
         <name>__aeabi_memclr8</name>
         <value>0x6abb</value>
         <object_component_ref idref="oc-13f"/>
      </symbol>
      <symbol id="sm-9e2">
         <name>__aeabi_memclr4</name>
         <value>0x6abb</value>
         <object_component_ref idref="oc-13f"/>
      </symbol>
      <symbol id="sm-9e3">
         <name>__aeabi_memclr</name>
         <value>0x6abb</value>
         <object_component_ref idref="oc-13f"/>
      </symbol>
      <symbol id="sm-9f1">
         <name>__aeabi_ldivmod</name>
         <value>0x6b35</value>
         <object_component_ref idref="oc-1d6"/>
      </symbol>
      <symbol id="sm-9fe">
         <name>__aeabi_uldivmod</name>
         <value>0x6a25</value>
         <object_component_ref idref="oc-2cb"/>
      </symbol>
      <symbol id="sm-a15">
         <name>__TI_zero_init</name>
         <value>0x6de9</value>
         <object_component_ref idref="oc-5e"/>
      </symbol>
      <symbol id="sm-a2c">
         <name>__TI_decompress_none</name>
         <value>0x6ddb</value>
         <object_component_ref idref="oc-1b"/>
      </symbol>
      <symbol id="sm-a4f">
         <name>__TI_decompress_lzss</name>
         <value>0x6ba3</value>
         <object_component_ref idref="oc-15"/>
      </symbol>
      <symbol id="sm-a62">
         <name>__stack</name>
         <value>0x200021e8</value>
         <object_component_ref idref="oc-24"/>
      </symbol>
      <symbol id="sm-a63">
         <name>_c_int00_noargs</name>
         <value>0x6d39</value>
         <object_component_ref idref="oc-6a"/>
      </symbol>
      <symbol id="sm-a6d">
         <name>__aeabi_idiv0</name>
         <value>0x2f6b</value>
         <object_component_ref idref="oc-2c6"/>
      </symbol>
      <symbol id="sm-a6e">
         <name>__aeabi_ldiv0</name>
         <value>0x2f6b</value>
         <object_component_ref idref="oc-2c6"/>
      </symbol>
      <symbol id="sm-a96">
         <name>__TI_auto_init_nobinit_nopinit</name>
         <value>0x6cf5</value>
         <object_component_ref idref="oc-24b"/>
      </symbol>
      <symbol id="sm-aa0">
         <name>_system_pre_init</name>
         <value>0x6e01</value>
         <object_component_ref idref="oc-145"/>
      </symbol>
      <symbol id="sm-aac">
         <name>C$$EXIT</name>
         <value>0x6e05</value>
         <object_component_ref idref="oc-23f"/>
      </symbol>
      <symbol id="sm-aad">
         <name>abort</name>
         <value>0x6e05</value>
         <object_component_ref idref="oc-23f"/>
      </symbol>
      <symbol id="sm-ab0">
         <name>__TI_static_base__</name>
         <value>0x0</value>
      </symbol>
      <symbol id="sm-ab3">
         <name>__mpu_init</name>
         <value>0x0</value>
      </symbol>
      <symbol id="sm-ab4">
         <name>_system_post_cinit</name>
         <value>0x0</value>
      </symbol>
   </symbol_table>
   <title>Link successful</title>
</link_info>
